10.0.0.2 - - [21/May/2025:09:39:10 +0000] "POST /api/v1/users HTTP/1.1" 400 1210 "https://www.google.com" "Mozilla/5.0 (Windows NT 10.0; Win64; x64) AppleWebKit/537.36 (KHTML, like Gecko) Chrome/91.0.4472.124 Safari/537.36"
10.0.0.2 - - [21/May/2025:09:39:10 +0000] "GET /contact.html HTTP/2.0" 401 9269 "-" "Mozilla/5.0 (iPhone; CPU iPhone OS 14_6 like Mac OS X) AppleWebKit/605.1.15 (KHTML, like Gecko) Version/14.0 Mobile/15E148 Safari/604.1"
192.168.1.5 - - [21/May/2025:09:39:10 +0000] "GET /contact.html HTTP/2.0" 200 4315 "https://www.google.com" "Mozilla/5.0 (Windows NT 10.0; Win64; x64) AppleWebKit/537.36 (KHTML, like Gecko) Chrome/91.0.4472.124 Safari/537.36"
192.168.1.5 - - [21/May/2025:09:39:12 +0000] "GET /services.html HTTP/2.0" 200 3771 "https://www.facebook.com" "Mozilla/5.0 (compatible; Googlebot/2.1; +http://www.google.com/bot.html)"
8.8.4.4 - - [21/May/2025:09:39:12 +0000] "POST /css/main.css HTTP/1.0" 200 1802 "https://www.bing.com" "Mozilla/5.0 (Macintosh; Intel Mac OS X 10_15_7) AppleWebKit/605.1.15 (KHTML, like Gecko) Version/14.1.1 Safari/605.1.15"
192.168.1.2 - - [21/May/2025:09:42:43 +0000] "POST /contact.html HTTP/2.0" 200 9848 "https://www.linkedin.com" "Mozilla/5.0 (X11; Linux x86_64; rv:89.0) Gecko/20100101 Firefox/89.0"
10.0.0.1 - - [21/May/2025:09:42:43 +0000] "GET /api/v1/products HTTP/1.1" 500 4422 "https://www.linkedin.com" "Mozilla/5.0 (Windows NT 10.0; Win64; x64) AppleWebKit/537.36 (KHTML, like Gecko) Chrome/91.0.4472.124 Safari/537.36"
8.8.4.4 - - [21/May/2025:09:42:43 +0000] "PUT /css/main.css HTTP/2.0" 302 2183 "https://www.google.com" "Mozilla/5.0 (X11; Linux x86_64; rv:89.0) Gecko/20100101 Firefox/89.0"
192.168.1.1 - - [21/May/2025:09:42:43 +0000] "GET /products.html HTTP/1.1" 200 6607 "https://www.facebook.com" "Mozilla/5.0 (compatible; Googlebot/2.1; +http://www.google.com/bot.html)"
8.8.8.8 - - [21/May/2025:09:42:43 +0000] "PUT /images/logo.png HTTP/1.1" 403 1800 "https://www.bing.com" "Mozilla/5.0 (Windows NT 10.0; Win64; x64) AppleWebKit/537.36 (KHTML, like Gecko) Chrome/91.0.4472.124 Safari/537.36"
10.0.0.1 - - [21/May/2025:10:21:06 +0000] "DELETE /about.html HTTP/2.0" 200 2970 "-" "Mozilla/5.0 (Windows NT 10.0; Win64; x64) AppleWebKit/537.36 (KHTML, like Gecko) Chrome/91.0.4472.124 Safari/537.36"
192.168.1.3 - - [21/May/2025:10:21:06 +0000] "POST /api/v1/products HTTP/1.0" 304 9653 "https://www.twitter.com" "Mozilla/5.0 (Windows NT 10.0; Win64; x64) AppleWebKit/537.36 (KHTML, like Gecko) Chrome/91.0.4472.124 Safari/537.36"
192.168.1.2 - - [21/May/2025:10:21:06 +0000] "DELETE /contact.html HTTP/1.1" 200 5139 "https://www.bing.com" "Mozilla/5.0 (Windows NT 10.0; Win64; x64) AppleWebKit/537.36 (KHTML, like Gecko) Chrome/91.0.4472.124 Safari/537.36"
192.168.1.5 - - [21/May/2025:10:21:06 +0000] "GET /api/v1/products HTTP/1.0" 200 8324 "-" "Mozilla/5.0 (X11; Linux x86_64; rv:89.0) Gecko/20100101 Firefox/89.0"
192.168.1.3 - - [21/May/2025:10:33:08 +0000] "PUT /about.html HTTP/1.0" 200 1187 "https://www.linkedin.com" "Mozilla/5.0 (Macintosh; Intel Mac OS X 10_15_7) AppleWebKit/605.1.15 (KHTML, like Gecko) Version/14.1.1 Safari/605.1.15"
192.168.1.3 - - [21/May/2025:10:33:08 +0000] "GET /api/v1/products HTTP/1.1" 200 2670 "-" "Mozilla/5.0 (iPhone; CPU iPhone OS 14_6 like Mac OS X) AppleWebKit/605.1.15 (KHTML, like Gecko) Version/14.0 Mobile/15E148 Safari/604.1"
10.0.0.2 - - [21/May/2025:11:32:07 +0000] "GET /contact.html HTTP/1.0" 403 3435 "https://www.linkedin.com" "Mozilla/5.0 (Macintosh; Intel Mac OS X 10_15_7) AppleWebKit/605.1.15 (KHTML, like Gecko) Version/14.1.1 Safari/605.1.15"
10.0.0.2 - - [21/May/2025:11:32:07 +0000] "GET /images/logo.png HTTP/2.0" 200 5539 "https://www.linkedin.com" "Mozilla/5.0 (Windows NT 10.0; Win64; x64) AppleWebKit/537.36 (KHTML, like Gecko) Chrome/91.0.4472.124 Safari/537.36"
192.168.1.2 - - [21/May/2025:12:01:20 +0000] "GET /services.html HTTP/1.1" 404 1663 "https://www.bing.com" "Mozilla/5.0 (Macintosh; Intel Mac OS X 10_15_7) AppleWebKit/605.1.15 (KHTML, like Gecko) Version/14.1.1 Safari/605.1.15"
192.168.1.5 - - [21/May/2025:12:01:20 +0000] "POST /contact.html HTTP/1.1" 200 1773 "-" "Mozilla/5.0 (Macintosh; Intel Mac OS X 10_15_7) AppleWebKit/605.1.15 (KHTML, like Gecko) Version/14.1.1 Safari/605.1.15"
10.0.0.1 - - [21/May/2025:12:01:20 +0000] "DELETE /contact.html HTTP/2.0" 404 5856 "https://www.twitter.com" "Mozilla/5.0 (Macintosh; Intel Mac OS X 10_15_7) AppleWebKit/605.1.15 (KHTML, like Gecko) Version/14.1.1 Safari/605.1.15"
192.168.1.2 - - [21/May/2025:12:01:20 +0000] "GET /api/v1/users HTTP/1.1" 304 3650 "https://www.twitter.com" "Mozilla/5.0 (Windows NT 10.0; Win64; x64) AppleWebKit/537.36 (KHTML, like Gecko) Chrome/91.0.4472.124 Safari/537.36"
10.0.0.1 - - [21/May/2025:12:01:20 +0000] "DELETE /products.html HTTP/2.0" 200 6565 "https://www.facebook.com" "Mozilla/5.0 (X11; Linux x86_64; rv:89.0) Gecko/20100101 Firefox/89.0"
192.168.1.1 - - [21/May/2025:12:55:37 +0000] "PUT /api/v1/users HTTP/2.0" 500 4407 "https://www.bing.com" "Mozilla/5.0 (compatible; Googlebot/2.1; +http://www.google.com/bot.html)"
192.168.1.1 - - [21/May/2025:12:55:37 +0000] "DELETE /contact.html HTTP/2.0" 200 477 "-" "Mozilla/5.0 (Windows NT 10.0; Win64; x64) AppleWebKit/537.36 (KHTML, like Gecko) Chrome/91.0.4472.124 Safari/537.36"
192.168.1.2 - - [21/May/2025:12:55:37 +0000] "POST /index.html HTTP/2.0" 200 3969 "-" "Mozilla/5.0 (Windows NT 10.0; Win64; x64) AppleWebKit/537.36 (KHTML, like Gecko) Chrome/91.0.4472.124 Safari/537.36"
192.168.1.2 - - [21/May/2025:12:55:37 +0000] "PUT /css/main.css HTTP/1.0" 301 618 "https://www.google.com" "Mozilla/5.0 (X11; Linux x86_64; rv:89.0) Gecko/20100101 Firefox/89.0"
8.8.4.4 - - [21/May/2025:12:55:37 +0000] "GET /contact.html HTTP/1.1" 200 2195 "https://www.facebook.com" "Mozilla/5.0 (Macintosh; Intel Mac OS X 10_15_7) AppleWebKit/605.1.15 (KHTML, like Gecko) Version/14.1.1 Safari/605.1.15"
10.0.0.2 - - [21/May/2025:12:57:44 +0000] "DELETE /api/v1/products HTTP/2.0" 200 1384 "https://www.twitter.com" "Mozilla/5.0 (Windows NT 10.0; Win64; x64) AppleWebKit/537.36 (KHTML, like Gecko) Chrome/91.0.4472.124 Safari/537.36"
192.168.1.2 - - [21/May/2025:12:58:22 +0000] "GET /about.html HTTP/2.0" 200 224 "https://www.facebook.com" "Mozilla/5.0 (iPhone; CPU iPhone OS 14_6 like Mac OS X) AppleWebKit/605.1.15 (KHTML, like Gecko) Version/14.0 Mobile/15E148 Safari/604.1"
8.8.4.4 - - [21/May/2025:12:58:22 +0000] "POST /api/v1/products HTTP/1.0" 200 707 "https://www.linkedin.com" "Mozilla/5.0 (Macintosh; Intel Mac OS X 10_15_7) AppleWebKit/605.1.15 (KHTML, like Gecko) Version/14.1.1 Safari/605.1.15"
10.0.0.1 - - [21/May/2025:12:58:22 +0000] "DELETE /images/logo.png HTTP/1.0" 200 5232 "https://www.twitter.com" "Mozilla/5.0 (Macintosh; Intel Mac OS X 10_15_7) AppleWebKit/605.1.15 (KHTML, like Gecko) Version/14.1.1 Safari/605.1.15"
192.168.1.3 - - [21/May/2025:12:58:24 +0000] "GET /index.html HTTP/2.0" 400 6232 "https://www.facebook.com" "Mozilla/5.0 (compatible; Googlebot/2.1; +http://www.google.com/bot.html)"
192.168.1.4 - - [21/May/2025:12:58:24 +0000] "PUT /api/v1/products HTTP/1.1" 200 5317 "https://www.facebook.com" "Mozilla/5.0 (iPhone; CPU iPhone OS 14_6 like Mac OS X) AppleWebKit/605.1.15 (KHTML, like Gecko) Version/14.0 Mobile/15E148 Safari/604.1"
8.8.4.4 - - [21/May/2025:12:58:24 +0000] "GET /images/logo.png HTTP/2.0" 304 952 "https://www.twitter.com" "Mozilla/5.0 (Windows NT 10.0; Win64; x64) AppleWebKit/537.36 (KHTML, like Gecko) Chrome/91.0.4472.124 Safari/537.36"
8.8.4.4 - - [21/May/2025:12:58:24 +0000] "DELETE /api/v1/users HTTP/1.0" 200 735 "https://www.twitter.com" "Mozilla/5.0 (Macintosh; Intel Mac OS X 10_15_7) AppleWebKit/605.1.15 (KHTML, like Gecko) Version/14.1.1 Safari/605.1.15"
192.168.1.3 - - [21/May/2025:12:58:24 +0000] "POST /about.html HTTP/1.1" 200 2691 "https://www.twitter.com" "Mozilla/5.0 (iPhone; CPU iPhone OS 14_6 like Mac OS X) AppleWebKit/605.1.15 (KHTML, like Gecko) Version/14.0 Mobile/15E148 Safari/604.1"
192.168.1.5 - - [21/May/2025:12:58:26 +0000] "DELETE /services.html HTTP/1.1" 302 8402 "https://www.facebook.com" "Mozilla/5.0 (iPhone; CPU iPhone OS 14_6 like Mac OS X) AppleWebKit/605.1.15 (KHTML, like Gecko) Version/14.0 Mobile/15E148 Safari/604.1"
192.168.1.2 - - [21/May/2025:12:58:28 +0000] "POST /css/main.css HTTP/1.0" 302 5253 "https://www.facebook.com" "Mozilla/5.0 (iPhone; CPU iPhone OS 14_6 like Mac OS X) AppleWebKit/605.1.15 (KHTML, like Gecko) Version/14.0 Mobile/15E148 Safari/604.1"
192.168.1.5 - - [21/May/2025:12:58:28 +0000] "DELETE /images/logo.png HTTP/2.0" 200 9418 "https://www.google.com" "Mozilla/5.0 (X11; Linux x86_64; rv:89.0) Gecko/20100101 Firefox/89.0"
192.168.1.1 - - [21/May/2025:12:58:29 +0000] "PUT /api/v1/users HTTP/2.0" 200 2677 "https://www.facebook.com" "Mozilla/5.0 (Macintosh; Intel Mac OS X 10_15_7) AppleWebKit/605.1.15 (KHTML, like Gecko) Version/14.1.1 Safari/605.1.15"
192.168.1.1 - - [21/May/2025:12:58:29 +0000] "POST /js/app.js HTTP/2.0" 302 9225 "https://www.bing.com" "Mozilla/5.0 (Macintosh; Intel Mac OS X 10_15_7) AppleWebKit/605.1.15 (KHTML, like Gecko) Version/14.1.1 Safari/605.1.15"
192.168.1.5 - - [21/May/2025:12:58:29 +0000] "DELETE /api/v1/users HTTP/1.0" 500 284 "https://www.linkedin.com" "Mozilla/5.0 (X11; Linux x86_64; rv:89.0) Gecko/20100101 Firefox/89.0"
8.8.8.8 - - [21/May/2025:12:58:30 +0000] "DELETE /api/v1/products HTTP/1.1" 403 3829 "https://www.facebook.com" "Mozilla/5.0 (Macintosh; Intel Mac OS X 10_15_7) AppleWebKit/605.1.15 (KHTML, like Gecko) Version/14.1.1 Safari/605.1.15"
192.168.1.2 - - [21/May/2025:12:58:30 +0000] "GET /products.html HTTP/1.0" 500 7128 "https://www.facebook.com" "Mozilla/5.0 (iPhone; CPU iPhone OS 14_6 like Mac OS X) AppleWebKit/605.1.15 (KHTML, like Gecko) Version/14.0 Mobile/15E148 Safari/604.1"
8.8.4.4 - - [21/May/2025:12:58:30 +0000] "DELETE /api/v1/products HTTP/2.0" 301 1188 "https://www.linkedin.com" "Mozilla/5.0 (Windows NT 10.0; Win64; x64) AppleWebKit/537.36 (KHTML, like Gecko) Chrome/91.0.4472.124 Safari/537.36"
172.16.0.1 - - [21/May/2025:12:58:32 +0000] "PUT /api/v1/products HTTP/1.0" 302 7826 "https://www.facebook.com" "Mozilla/5.0 (Macintosh; Intel Mac OS X 10_15_7) AppleWebKit/605.1.15 (KHTML, like Gecko) Version/14.1.1 Safari/605.1.15"
192.168.1.2 - - [21/May/2025:12:58:32 +0000] "PUT /products.html HTTP/1.1" 401 8327 "https://www.twitter.com" "Mozilla/5.0 (Macintosh; Intel Mac OS X 10_15_7) AppleWebKit/605.1.15 (KHTML, like Gecko) Version/14.1.1 Safari/605.1.15"
10.0.0.1 - - [21/May/2025:12:58:32 +0000] "GET /products.html HTTP/1.1" 200 7291 "-" "Mozilla/5.0 (Macintosh; Intel Mac OS X 10_15_7) AppleWebKit/605.1.15 (KHTML, like Gecko) Version/14.1.1 Safari/605.1.15"
10.0.0.1 - - [21/May/2025:12:58:34 +0000] "GET /api/v1/products HTTP/1.0" 200 3217 "https://www.bing.com" "Mozilla/5.0 (compatible; Googlebot/2.1; +http://www.google.com/bot.html)"
10.0.0.2 - - [21/May/2025:12:58:37 +0000] "POST /css/main.css HTTP/1.0" 200 123 "https://www.bing.com" "Mozilla/5.0 (X11; Linux x86_64; rv:89.0) Gecko/20100101 Firefox/89.0"
192.168.1.5 - - [21/May/2025:12:58:37 +0000] "DELETE /index.html HTTP/1.0" 302 5184 "https://www.google.com" "Mozilla/5.0 (compatible; Googlebot/2.1; +http://www.google.com/bot.html)"
192.168.1.1 - - [21/May/2025:12:58:38 +0000] "DELETE /api/v1/products HTTP/1.0" 401 5368 "https://www.twitter.com" "Mozilla/5.0 (iPhone; CPU iPhone OS 14_6 like Mac OS X) AppleWebKit/605.1.15 (KHTML, like Gecko) Version/14.0 Mobile/15E148 Safari/604.1"
10.0.0.2 - - [21/May/2025:12:58:38 +0000] "POST /contact.html HTTP/2.0" 304 2262 "https://www.twitter.com" "Mozilla/5.0 (compatible; Googlebot/2.1; +http://www.google.com/bot.html)"
10.0.0.1 - - [21/May/2025:12:58:38 +0000] "POST /products.html HTTP/1.0" 200 3012 "https://www.linkedin.com" "Mozilla/5.0 (Macintosh; Intel Mac OS X 10_15_7) AppleWebKit/605.1.15 (KHTML, like Gecko) Version/14.1.1 Safari/605.1.15"
192.168.1.4 - - [21/May/2025:12:58:38 +0000] "DELETE /css/main.css HTTP/1.0" 200 4685 "https://www.twitter.com" "Mozilla/5.0 (Windows NT 10.0; Win64; x64) AppleWebKit/537.36 (KHTML, like Gecko) Chrome/91.0.4472.124 Safari/537.36"
192.168.1.1 - - [21/May/2025:12:58:38 +0000] "DELETE /api/v1/users HTTP/1.0" 304 9257 "https://www.google.com" "Mozilla/5.0 (Macintosh; Intel Mac OS X 10_15_7) AppleWebKit/605.1.15 (KHTML, like Gecko) Version/14.1.1 Safari/605.1.15"
192.168.1.2 - - [21/May/2025:12:58:39 +0000] "PUT /css/main.css HTTP/1.0" 200 3433 "https://www.google.com" "Mozilla/5.0 (Macintosh; Intel Mac OS X 10_15_7) AppleWebKit/605.1.15 (KHTML, like Gecko) Version/14.1.1 Safari/605.1.15"
192.168.1.3 - - [21/May/2025:12:58:39 +0000] "DELETE /css/main.css HTTP/2.0" 301 581 "-" "Mozilla/5.0 (X11; Linux x86_64; rv:89.0) Gecko/20100101 Firefox/89.0"
192.168.1.2 - - [21/May/2025:12:58:39 +0000] "GET /api/v1/products HTTP/1.0" 301 8568 "https://www.google.com" "Mozilla/5.0 (Windows NT 10.0; Win64; x64) AppleWebKit/537.36 (KHTML, like Gecko) Chrome/91.0.4472.124 Safari/537.36"
8.8.8.8 - - [21/May/2025:12:58:40 +0000] "GET /products.html HTTP/1.1" 304 6559 "https://www.facebook.com" "Mozilla/5.0 (X11; Linux x86_64; rv:89.0) Gecko/20100101 Firefox/89.0"
8.8.8.8 - - [21/May/2025:12:58:43 +0000] "PUT /contact.html HTTP/1.1" 400 4402 "https://www.bing.com" "Mozilla/5.0 (Macintosh; Intel Mac OS X 10_15_7) AppleWebKit/605.1.15 (KHTML, like Gecko) Version/14.1.1 Safari/605.1.15"
10.0.0.2 - - [21/May/2025:12:58:43 +0000] "PUT /images/logo.png HTTP/2.0" 304 7965 "https://www.facebook.com" "Mozilla/5.0 (Windows NT 10.0; Win64; x64) AppleWebKit/537.36 (KHTML, like Gecko) Chrome/91.0.4472.124 Safari/537.36"
192.168.1.1 - - [21/May/2025:12:58:43 +0000] "GET /api/v1/users HTTP/1.0" 200 9107 "https://www.twitter.com" "Mozilla/5.0 (X11; Linux x86_64; rv:89.0) Gecko/20100101 Firefox/89.0"
172.16.0.1 - - [21/May/2025:12:58:43 +0000] "PUT /images/logo.png HTTP/1.1" 403 4216 "https://www.bing.com" "Mozilla/5.0 (iPhone; CPU iPhone OS 14_6 like Mac OS X) AppleWebKit/605.1.15 (KHTML, like Gecko) Version/14.0 Mobile/15E148 Safari/604.1"
8.8.8.8 - - [21/May/2025:12:58:43 +0000] "DELETE /about.html HTTP/2.0" 200 10054 "https://www.google.com" "Mozilla/5.0 (X11; Linux x86_64; rv:89.0) Gecko/20100101 Firefox/89.0"
8.8.8.8 - - [21/May/2025:12:58:45 +0000] "GET /images/logo.png HTTP/1.1" 200 8535 "https://www.google.com" "Mozilla/5.0 (Macintosh; Intel Mac OS X 10_15_7) AppleWebKit/605.1.15 (KHTML, like Gecko) Version/14.1.1 Safari/605.1.15"
8.8.8.8 - - [21/May/2025:12:58:46 +0000] "PUT /services.html HTTP/1.0" 302 843 "https://www.facebook.com" "Mozilla/5.0 (iPhone; CPU iPhone OS 14_6 like Mac OS X) AppleWebKit/605.1.15 (KHTML, like Gecko) Version/14.0 Mobile/15E148 Safari/604.1"
172.16.0.1 - - [21/May/2025:12:58:46 +0000] "DELETE /products.html HTTP/2.0" 301 8357 "-" "Mozilla/5.0 (Windows NT 10.0; Win64; x64) AppleWebKit/537.36 (KHTML, like Gecko) Chrome/91.0.4472.124 Safari/537.36"
10.0.0.1 - - [21/May/2025:12:58:46 +0000] "GET /products.html HTTP/1.1" 400 6249 "https://www.linkedin.com" "Mozilla/5.0 (X11; Linux x86_64; rv:89.0) Gecko/20100101 Firefox/89.0"
172.16.0.1 - - [21/May/2025:12:58:46 +0000] "GET /index.html HTTP/1.1" 404 5741 "-" "Mozilla/5.0 (compatible; Googlebot/2.1; +http://www.google.com/bot.html)"
10.0.0.2 - - [21/May/2025:12:58:46 +0000] "GET /products.html HTTP/2.0" 200 5357 "-" "Mozilla/5.0 (Windows NT 10.0; Win64; x64) AppleWebKit/537.36 (KHTML, like Gecko) Chrome/91.0.4472.124 Safari/537.36"
10.0.0.2 - - [21/May/2025:12:58:48 +0000] "DELETE /index.html HTTP/1.0" 404 1528 "-" "Mozilla/5.0 (Macintosh; Intel Mac OS X 10_15_7) AppleWebKit/605.1.15 (KHTML, like Gecko) Version/14.1.1 Safari/605.1.15"
192.168.1.1 - - [21/May/2025:12:58:48 +0000] "PUT /services.html HTTP/2.0" 301 4857 "-" "Mozilla/5.0 (Windows NT 10.0; Win64; x64) AppleWebKit/537.36 (KHTML, like Gecko) Chrome/91.0.4472.124 Safari/537.36"
8.8.4.4 - - [21/May/2025:12:58:48 +0000] "PUT /index.html HTTP/2.0" 500 3618 "https://www.bing.com" "Mozilla/5.0 (Windows NT 10.0; Win64; x64) AppleWebKit/537.36 (KHTML, like Gecko) Chrome/91.0.4472.124 Safari/537.36"
172.16.0.1 - - [21/May/2025:12:58:48 +0000] "DELETE /index.html HTTP/1.0" 304 9488 "https://www.linkedin.com" "Mozilla/5.0 (Macintosh; Intel Mac OS X 10_15_7) AppleWebKit/605.1.15 (KHTML, like Gecko) Version/14.1.1 Safari/605.1.15"
192.168.1.1 - - [21/May/2025:12:58:48 +0000] "PUT /about.html HTTP/2.0" 301 3013 "https://www.google.com" "Mozilla/5.0 (X11; Linux x86_64; rv:89.0) Gecko/20100101 Firefox/89.0"
192.168.1.2 - - [21/May/2025:12:58:51 +0000] "GET /products.html HTTP/2.0" 200 9324 "-" "Mozilla/5.0 (iPhone; CPU iPhone OS 14_6 like Mac OS X) AppleWebKit/605.1.15 (KHTML, like Gecko) Version/14.0 Mobile/15E148 Safari/604.1"
192.168.1.4 - - [21/May/2025:12:58:51 +0000] "GET /about.html HTTP/1.0" 404 4571 "-" "Mozilla/5.0 (iPhone; CPU iPhone OS 14_6 like Mac OS X) AppleWebKit/605.1.15 (KHTML, like Gecko) Version/14.0 Mobile/15E148 Safari/604.1"
192.168.1.2 - - [21/May/2025:12:58:52 +0000] "PUT /products.html HTTP/2.0" 401 6058 "-" "Mozilla/5.0 (X11; Linux x86_64; rv:89.0) Gecko/20100101 Firefox/89.0"
192.168.1.4 - - [21/May/2025:12:58:55 +0000] "PUT /api/v1/products HTTP/2.0" 200 9203 "https://www.facebook.com" "Mozilla/5.0 (iPhone; CPU iPhone OS 14_6 like Mac OS X) AppleWebKit/605.1.15 (KHTML, like Gecko) Version/14.0 Mobile/15E148 Safari/604.1"
10.0.0.2 - - [21/May/2025:12:58:55 +0000] "GET /products.html HTTP/1.0" 301 1793 "https://www.linkedin.com" "Mozilla/5.0 (Macintosh; Intel Mac OS X 10_15_7) AppleWebKit/605.1.15 (KHTML, like Gecko) Version/14.1.1 Safari/605.1.15"
192.168.1.1 - - [21/May/2025:12:58:55 +0000] "DELETE /images/logo.png HTTP/1.1" 200 2078 "https://www.facebook.com" "Mozilla/5.0 (Macintosh; Intel Mac OS X 10_15_7) AppleWebKit/605.1.15 (KHTML, like Gecko) Version/14.1.1 Safari/605.1.15"
10.0.0.1 - - [21/May/2025:12:58:55 +0000] "DELETE /services.html HTTP/2.0" 404 2169 "https://www.twitter.com" "Mozilla/5.0 (compatible; Googlebot/2.1; +http://www.google.com/bot.html)"
10.0.0.1 - - [21/May/2025:12:58:57 +0000] "POST /about.html HTTP/1.1" 200 9954 "https://www.linkedin.com" "Mozilla/5.0 (Macintosh; Intel Mac OS X 10_15_7) AppleWebKit/605.1.15 (KHTML, like Gecko) Version/14.1.1 Safari/605.1.15"
192.168.1.5 - - [21/May/2025:12:58:57 +0000] "DELETE /products.html HTTP/2.0" 302 8543 "https://www.facebook.com" "Mozilla/5.0 (X11; Linux x86_64; rv:89.0) Gecko/20100101 Firefox/89.0"
10.0.0.1 - - [21/May/2025:12:59:00 +0000] "PUT /index.html HTTP/2.0" 403 5415 "https://www.google.com" "Mozilla/5.0 (iPhone; CPU iPhone OS 14_6 like Mac OS X) AppleWebKit/605.1.15 (KHTML, like Gecko) Version/14.0 Mobile/15E148 Safari/604.1"
8.8.4.4 - - [21/May/2025:12:59:00 +0000] "GET /images/logo.png HTTP/1.0" 400 1029 "https://www.bing.com" "Mozilla/5.0 (X11; Linux x86_64; rv:89.0) Gecko/20100101 Firefox/89.0"
192.168.1.1 - - [21/May/2025:12:59:00 +0000] "PUT /contact.html HTTP/1.0" 401 1946 "-" "Mozilla/5.0 (compatible; Googlebot/2.1; +http://www.google.com/bot.html)"
8.8.4.4 - - [21/May/2025:12:59:00 +0000] "PUT /js/app.js HTTP/1.0" 301 5313 "-" "Mozilla/5.0 (compatible; Googlebot/2.1; +http://www.google.com/bot.html)"
172.16.0.1 - - [21/May/2025:12:59:00 +0000] "POST /services.html HTTP/1.0" 403 1809 "https://www.google.com" "Mozilla/5.0 (Macintosh; Intel Mac OS X 10_15_7) AppleWebKit/605.1.15 (KHTML, like Gecko) Version/14.1.1 Safari/605.1.15"
192.168.1.2 - - [21/May/2025:12:59:02 +0000] "POST /contact.html HTTP/1.0" 301 3518 "https://www.google.com" "Mozilla/5.0 (compatible; Googlebot/2.1; +http://www.google.com/bot.html)"
192.168.1.5 - - [21/May/2025:12:59:02 +0000] "GET /index.html HTTP/1.0" 200 7568 "https://www.bing.com" "Mozilla/5.0 (Macintosh; Intel Mac OS X 10_15_7) AppleWebKit/605.1.15 (KHTML, like Gecko) Version/14.1.1 Safari/605.1.15"
192.168.1.4 - - [21/May/2025:12:59:02 +0000] "POST /about.html HTTP/1.0" 404 633 "https://www.bing.com" "Mozilla/5.0 (X11; Linux x86_64; rv:89.0) Gecko/20100101 Firefox/89.0"
192.168.1.2 - - [21/May/2025:12:59:02 +0000] "PUT /about.html HTTP/1.0" 200 8886 "https://www.bing.com" "Mozilla/5.0 (Windows NT 10.0; Win64; x64) AppleWebKit/537.36 (KHTML, like Gecko) Chrome/91.0.4472.124 Safari/537.36"
10.0.0.2 - - [21/May/2025:12:59:03 +0000] "POST /css/main.css HTTP/1.0" 400 909 "https://www.twitter.com" "Mozilla/5.0 (iPhone; CPU iPhone OS 14_6 like Mac OS X) AppleWebKit/605.1.15 (KHTML, like Gecko) Version/14.0 Mobile/15E148 Safari/604.1"
192.168.1.5 - - [21/May/2025:12:59:03 +0000] "POST /api/v1/users HTTP/1.0" 403 1783 "https://www.linkedin.com" "Mozilla/5.0 (Macintosh; Intel Mac OS X 10_15_7) AppleWebKit/605.1.15 (KHTML, like Gecko) Version/14.1.1 Safari/605.1.15"
192.168.1.5 - - [21/May/2025:12:59:03 +0000] "PUT /api/v1/products HTTP/1.0" 400 4819 "https://www.twitter.com" "Mozilla/5.0 (iPhone; CPU iPhone OS 14_6 like Mac OS X) AppleWebKit/605.1.15 (KHTML, like Gecko) Version/14.0 Mobile/15E148 Safari/604.1"
8.8.8.8 - - [21/May/2025:12:59:03 +0000] "GET /contact.html HTTP/1.0" 500 10052 "https://www.facebook.com" "Mozilla/5.0 (iPhone; CPU iPhone OS 14_6 like Mac OS X) AppleWebKit/605.1.15 (KHTML, like Gecko) Version/14.0 Mobile/15E148 Safari/604.1"
192.168.1.5 - - [21/May/2025:12:59:04 +0000] "GET /index.html HTTP/2.0" 200 6384 "https://www.twitter.com" "Mozilla/5.0 (compatible; Googlebot/2.1; +http://www.google.com/bot.html)"
192.168.1.3 - - [21/May/2025:12:59:04 +0000] "GET /index.html HTTP/1.1" 401 8283 "https://www.facebook.com" "Mozilla/5.0 (Macintosh; Intel Mac OS X 10_15_7) AppleWebKit/605.1.15 (KHTML, like Gecko) Version/14.1.1 Safari/605.1.15"
192.168.1.1 - - [21/May/2025:12:59:07 +0000] "GET /images/logo.png HTTP/1.0" 403 7840 "-" "Mozilla/5.0 (Windows NT 10.0; Win64; x64) AppleWebKit/537.36 (KHTML, like Gecko) Chrome/91.0.4472.124 Safari/537.36"
192.168.1.5 - - [21/May/2025:12:59:07 +0000] "PUT /products.html HTTP/1.0" 401 7668 "https://www.linkedin.com" "Mozilla/5.0 (Macintosh; Intel Mac OS X 10_15_7) AppleWebKit/605.1.15 (KHTML, like Gecko) Version/14.1.1 Safari/605.1.15"
10.0.0.2 - - [21/May/2025:12:59:07 +0000] "POST /index.html HTTP/2.0" 500 2229 "https://www.bing.com" "Mozilla/5.0 (compatible; Googlebot/2.1; +http://www.google.com/bot.html)"
8.8.8.8 - - [21/May/2025:12:59:07 +0000] "DELETE /api/v1/users HTTP/2.0" 500 5752 "https://www.google.com" "Mozilla/5.0 (Macintosh; Intel Mac OS X 10_15_7) AppleWebKit/605.1.15 (KHTML, like Gecko) Version/14.1.1 Safari/605.1.15"
8.8.4.4 - - [21/May/2025:12:59:10 +0000] "DELETE /services.html HTTP/1.0" 200 9008 "https://www.linkedin.com" "Mozilla/5.0 (Windows NT 10.0; Win64; x64) AppleWebKit/537.36 (KHTML, like Gecko) Chrome/91.0.4472.124 Safari/537.36"
192.168.1.2 - - [21/May/2025:12:59:11 +0000] "DELETE /api/v1/products HTTP/1.1" 200 1696 "https://www.google.com" "Mozilla/5.0 (X11; Linux x86_64; rv:89.0) Gecko/20100101 Firefox/89.0"
192.168.1.4 - - [21/May/2025:12:59:11 +0000] "PUT /css/main.css HTTP/1.1" 304 845 "-" "Mozilla/5.0 (iPhone; CPU iPhone OS 14_6 like Mac OS X) AppleWebKit/605.1.15 (KHTML, like Gecko) Version/14.0 Mobile/15E148 Safari/604.1"
8.8.8.8 - - [21/May/2025:12:59:11 +0000] "GET /api/v1/users HTTP/1.1" 200 8395 "https://www.google.com" "Mozilla/5.0 (Macintosh; Intel Mac OS X 10_15_7) AppleWebKit/605.1.15 (KHTML, like Gecko) Version/14.1.1 Safari/605.1.15"
10.0.0.1 - - [21/May/2025:12:59:11 +0000] "GET /index.html HTTP/2.0" 403 8472 "https://www.bing.com" "Mozilla/5.0 (iPhone; CPU iPhone OS 14_6 like Mac OS X) AppleWebKit/605.1.15 (KHTML, like Gecko) Version/14.0 Mobile/15E148 Safari/604.1"
8.8.8.8 - - [21/May/2025:12:59:11 +0000] "PUT /index.html HTTP/1.0" 404 1087 "https://www.google.com" "Mozilla/5.0 (iPhone; CPU iPhone OS 14_6 like Mac OS X) AppleWebKit/605.1.15 (KHTML, like Gecko) Version/14.0 Mobile/15E148 Safari/604.1"
192.168.1.5 - - [21/May/2025:12:59:12 +0000] "POST /contact.html HTTP/2.0" 403 6337 "https://www.google.com" "Mozilla/5.0 (iPhone; CPU iPhone OS 14_6 like Mac OS X) AppleWebKit/605.1.15 (KHTML, like Gecko) Version/14.0 Mobile/15E148 Safari/604.1"
192.168.1.4 - - [21/May/2025:12:59:12 +0000] "DELETE /css/main.css HTTP/1.0" 500 4667 "https://www.bing.com" "Mozilla/5.0 (compatible; Googlebot/2.1; +http://www.google.com/bot.html)"
192.168.1.4 - - [21/May/2025:12:59:12 +0000] "PUT /services.html HTTP/2.0" 404 4758 "https://www.linkedin.com" "Mozilla/5.0 (iPhone; CPU iPhone OS 14_6 like Mac OS X) AppleWebKit/605.1.15 (KHTML, like Gecko) Version/14.0 Mobile/15E148 Safari/604.1"
192.168.1.1 - - [21/May/2025:12:59:12 +0000] "PUT /contact.html HTTP/1.1" 403 8650 "-" "Mozilla/5.0 (compatible; Googlebot/2.1; +http://www.google.com/bot.html)"
10.0.0.1 - - [21/May/2025:12:59:15 +0000] "PUT /contact.html HTTP/1.0" 200 9545 "https://www.bing.com" "Mozilla/5.0 (Windows NT 10.0; Win64; x64) AppleWebKit/537.36 (KHTML, like Gecko) Chrome/91.0.4472.124 Safari/537.36"
192.168.1.1 - - [21/May/2025:12:59:15 +0000] "DELETE /index.html HTTP/2.0" 500 9411 "https://www.google.com" "Mozilla/5.0 (compatible; Googlebot/2.1; +http://www.google.com/bot.html)"
192.168.1.1 - - [21/May/2025:12:59:18 +0000] "GET /css/main.css HTTP/2.0" 200 1095 "https://www.facebook.com" "Mozilla/5.0 (X11; Linux x86_64; rv:89.0) Gecko/20100101 Firefox/89.0"
192.168.1.4 - - [21/May/2025:12:59:18 +0000] "POST /index.html HTTP/2.0" 200 5510 "https://www.linkedin.com" "Mozilla/5.0 (X11; Linux x86_64; rv:89.0) Gecko/20100101 Firefox/89.0"
192.168.1.5 - - [21/May/2025:12:59:19 +0000] "PUT /about.html HTTP/1.0" 304 3328 "https://www.facebook.com" "Mozilla/5.0 (compatible; Googlebot/2.1; +http://www.google.com/bot.html)"
192.168.1.5 - - [21/May/2025:12:59:19 +0000] "POST /contact.html HTTP/2.0" 304 1219 "https://www.bing.com" "Mozilla/5.0 (X11; Linux x86_64; rv:89.0) Gecko/20100101 Firefox/89.0"
192.168.1.5 - - [21/May/2025:12:59:22 +0000] "PUT /js/app.js HTTP/1.1" 404 6550 "https://www.twitter.com" "Mozilla/5.0 (compatible; Googlebot/2.1; +http://www.google.com/bot.html)"
172.16.0.1 - - [21/May/2025:12:59:22 +0000] "DELETE /api/v1/products HTTP/1.0" 304 8857 "https://www.linkedin.com" "Mozilla/5.0 (Windows NT 10.0; Win64; x64) AppleWebKit/537.36 (KHTML, like Gecko) Chrome/91.0.4472.124 Safari/537.36"
8.8.4.4 - - [21/May/2025:12:59:24 +0000] "GET /api/v1/users HTTP/1.1" 301 564 "https://www.linkedin.com" "Mozilla/5.0 (Macintosh; Intel Mac OS X 10_15_7) AppleWebKit/605.1.15 (KHTML, like Gecko) Version/14.1.1 Safari/605.1.15"
192.168.1.1 - - [21/May/2025:12:59:24 +0000] "GET /js/app.js HTTP/2.0" 200 4559 "https://www.bing.com" "Mozilla/5.0 (X11; Linux x86_64; rv:89.0) Gecko/20100101 Firefox/89.0"
192.168.1.2 - - [21/May/2025:12:59:24 +0000] "DELETE /images/logo.png HTTP/1.1" 304 3644 "https://www.linkedin.com" "Mozilla/5.0 (X11; Linux x86_64; rv:89.0) Gecko/20100101 Firefox/89.0"
192.168.1.2 - - [21/May/2025:12:59:24 +0000] "PUT /about.html HTTP/1.0" 500 3712 "https://www.linkedin.com" "Mozilla/5.0 (X11; Linux x86_64; rv:89.0) Gecko/20100101 Firefox/89.0"
10.0.0.1 - - [21/May/2025:12:59:24 +0000] "PUT /contact.html HTTP/1.0" 404 2019 "-" "Mozilla/5.0 (compatible; Googlebot/2.1; +http://www.google.com/bot.html)"
192.168.1.3 - - [21/May/2025:12:59:27 +0000] "POST /css/main.css HTTP/2.0" 200 9348 "-" "Mozilla/5.0 (Windows NT 10.0; Win64; x64) AppleWebKit/537.36 (KHTML, like Gecko) Chrome/91.0.4472.124 Safari/537.36"
192.168.1.4 - - [21/May/2025:12:59:27 +0000] "GET /api/v1/products HTTP/1.0" 200 8683 "https://www.linkedin.com" "Mozilla/5.0 (X11; Linux x86_64; rv:89.0) Gecko/20100101 Firefox/89.0"
8.8.4.4 - - [21/May/2025:12:59:27 +0000] "GET /api/v1/users HTTP/1.1" 200 4076 "-" "Mozilla/5.0 (Macintosh; Intel Mac OS X 10_15_7) AppleWebKit/605.1.15 (KHTML, like Gecko) Version/14.1.1 Safari/605.1.15"
8.8.8.8 - - [21/May/2025:12:59:28 +0000] "GET /about.html HTTP/2.0" 200 4223 "https://www.google.com" "Mozilla/5.0 (X11; Linux x86_64; rv:89.0) Gecko/20100101 Firefox/89.0"
8.8.4.4 - - [21/May/2025:12:59:28 +0000] "DELETE /api/v1/users HTTP/2.0" 200 5699 "-" "Mozilla/5.0 (X11; Linux x86_64; rv:89.0) Gecko/20100101 Firefox/89.0"
10.0.0.2 - - [21/May/2025:12:59:28 +0000] "PUT /products.html HTTP/1.1" 403 639 "https://www.bing.com" "Mozilla/5.0 (iPhone; CPU iPhone OS 14_6 like Mac OS X) AppleWebKit/605.1.15 (KHTML, like Gecko) Version/14.0 Mobile/15E148 Safari/604.1"
192.168.1.2 - - [21/May/2025:12:59:28 +0000] "PUT /contact.html HTTP/1.1" 304 851 "https://www.google.com" "Mozilla/5.0 (Windows NT 10.0; Win64; x64) AppleWebKit/537.36 (KHTML, like Gecko) Chrome/91.0.4472.124 Safari/537.36"
172.16.0.1 - - [21/May/2025:12:59:28 +0000] "PUT /images/logo.png HTTP/1.0" 200 9080 "https://www.linkedin.com" "Mozilla/5.0 (X11; Linux x86_64; rv:89.0) Gecko/20100101 Firefox/89.0"
10.0.0.1 - - [21/May/2025:12:59:30 +0000] "GET /api/v1/users HTTP/1.0" 200 9141 "https://www.google.com" "Mozilla/5.0 (Windows NT 10.0; Win64; x64) AppleWebKit/537.36 (KHTML, like Gecko) Chrome/91.0.4472.124 Safari/537.36"
8.8.8.8 - - [21/May/2025:12:59:30 +0000] "PUT /services.html HTTP/1.0" 400 5593 "https://www.google.com" "Mozilla/5.0 (iPhone; CPU iPhone OS 14_6 like Mac OS X) AppleWebKit/605.1.15 (KHTML, like Gecko) Version/14.0 Mobile/15E148 Safari/604.1"
192.168.1.3 - - [21/May/2025:12:59:30 +0000] "GET /images/logo.png HTTP/2.0" 403 4023 "https://www.bing.com" "Mozilla/5.0 (Windows NT 10.0; Win64; x64) AppleWebKit/537.36 (KHTML, like Gecko) Chrome/91.0.4472.124 Safari/537.36"
192.168.1.5 - - [21/May/2025:12:59:32 +0000] "PUT /api/v1/users HTTP/1.1" 401 2074 "https://www.google.com" "Mozilla/5.0 (compatible; Googlebot/2.1; +http://www.google.com/bot.html)"
8.8.8.8 - - [21/May/2025:12:59:32 +0000] "POST /images/logo.png HTTP/1.0" 401 2364 "https://www.bing.com" "Mozilla/5.0 (iPhone; CPU iPhone OS 14_6 like Mac OS X) AppleWebKit/605.1.15 (KHTML, like Gecko) Version/14.0 Mobile/15E148 Safari/604.1"
10.0.0.2 - - [21/May/2025:12:59:32 +0000] "POST /index.html HTTP/1.1" 200 9529 "https://www.twitter.com" "Mozilla/5.0 (Windows NT 10.0; Win64; x64) AppleWebKit/537.36 (KHTML, like Gecko) Chrome/91.0.4472.124 Safari/537.36"
10.0.0.2 - - [21/May/2025:12:59:32 +0000] "DELETE /about.html HTTP/1.0" 200 8546 "https://www.facebook.com" "Mozilla/5.0 (compatible; Googlebot/2.1; +http://www.google.com/bot.html)"
10.0.0.2 - - [21/May/2025:12:59:34 +0000] "PUT /api/v1/products HTTP/1.1" 404 2072 "https://www.twitter.com" "Mozilla/5.0 (Macintosh; Intel Mac OS X 10_15_7) AppleWebKit/605.1.15 (KHTML, like Gecko) Version/14.1.1 Safari/605.1.15"
10.0.0.2 - - [21/May/2025:12:59:35 +0000] "GET /products.html HTTP/1.0" 200 9583 "https://www.bing.com" "Mozilla/5.0 (iPhone; CPU iPhone OS 14_6 like Mac OS X) AppleWebKit/605.1.15 (KHTML, like Gecko) Version/14.0 Mobile/15E148 Safari/604.1"
10.0.0.2 - - [21/May/2025:12:59:35 +0000] "POST /api/v1/users HTTP/2.0" 200 1799 "https://www.linkedin.com" "Mozilla/5.0 (iPhone; CPU iPhone OS 14_6 like Mac OS X) AppleWebKit/605.1.15 (KHTML, like Gecko) Version/14.0 Mobile/15E148 Safari/604.1"
8.8.4.4 - - [21/May/2025:12:59:35 +0000] "GET /products.html HTTP/1.1" 200 5885 "-" "Mozilla/5.0 (iPhone; CPU iPhone OS 14_6 like Mac OS X) AppleWebKit/605.1.15 (KHTML, like Gecko) Version/14.0 Mobile/15E148 Safari/604.1"
192.168.1.3 - - [21/May/2025:12:59:35 +0000] "DELETE /js/app.js HTTP/1.1" 401 7139 "-" "Mozilla/5.0 (iPhone; CPU iPhone OS 14_6 like Mac OS X) AppleWebKit/605.1.15 (KHTML, like Gecko) Version/14.0 Mobile/15E148 Safari/604.1"
192.168.1.2 - - [21/May/2025:12:59:35 +0000] "POST /services.html HTTP/2.0" 302 3991 "https://www.linkedin.com" "Mozilla/5.0 (X11; Linux x86_64; rv:89.0) Gecko/20100101 Firefox/89.0"
192.168.1.5 - - [21/May/2025:12:59:36 +0000] "PUT /api/v1/products HTTP/1.0" 400 5800 "https://www.bing.com" "Mozilla/5.0 (compatible; Googlebot/2.1; +http://www.google.com/bot.html)"
8.8.8.8 - - [21/May/2025:12:59:36 +0000] "POST /about.html HTTP/1.0" 400 4749 "https://www.twitter.com" "Mozilla/5.0 (Windows NT 10.0; Win64; x64) AppleWebKit/537.36 (KHTML, like Gecko) Chrome/91.0.4472.124 Safari/537.36"
192.168.1.5 - - [21/May/2025:12:59:37 +0000] "GET /css/main.css HTTP/1.1" 400 2149 "https://www.bing.com" "Mozilla/5.0 (Windows NT 10.0; Win64; x64) AppleWebKit/537.36 (KHTML, like Gecko) Chrome/91.0.4472.124 Safari/537.36"
10.0.0.2 - - [21/May/2025:12:59:37 +0000] "POST /api/v1/products HTTP/1.0" 304 1139 "https://www.twitter.com" "Mozilla/5.0 (Windows NT 10.0; Win64; x64) AppleWebKit/537.36 (KHTML, like Gecko) Chrome/91.0.4472.124 Safari/537.36"
192.168.1.4 - - [21/May/2025:12:59:37 +0000] "GET /products.html HTTP/2.0" 301 5643 "https://www.facebook.com" "Mozilla/5.0 (Macintosh; Intel Mac OS X 10_15_7) AppleWebKit/605.1.15 (KHTML, like Gecko) Version/14.1.1 Safari/605.1.15"
192.168.1.5 - - [21/May/2025:12:59:38 +0000] "POST /js/app.js HTTP/2.0" 200 132 "https://www.twitter.com" "Mozilla/5.0 (iPhone; CPU iPhone OS 14_6 like Mac OS X) AppleWebKit/605.1.15 (KHTML, like Gecko) Version/14.0 Mobile/15E148 Safari/604.1"
192.168.1.4 - - [21/May/2025:12:59:38 +0000] "DELETE /api/v1/products HTTP/2.0" 200 690 "https://www.bing.com" "Mozilla/5.0 (Windows NT 10.0; Win64; x64) AppleWebKit/537.36 (KHTML, like Gecko) Chrome/91.0.4472.124 Safari/537.36"
172.16.0.1 - - [21/May/2025:12:59:40 +0000] "PUT /services.html HTTP/1.1" 200 4092 "https://www.bing.com" "Mozilla/5.0 (iPhone; CPU iPhone OS 14_6 like Mac OS X) AppleWebKit/605.1.15 (KHTML, like Gecko) Version/14.0 Mobile/15E148 Safari/604.1"
192.168.1.4 - - [21/May/2025:12:59:40 +0000] "GET /index.html HTTP/2.0" 200 735 "-" "Mozilla/5.0 (compatible; Googlebot/2.1; +http://www.google.com/bot.html)"
192.168.1.2 - - [21/May/2025:12:59:42 +0000] "GET /products.html HTTP/2.0" 500 9011 "https://www.facebook.com" "Mozilla/5.0 (iPhone; CPU iPhone OS 14_6 like Mac OS X) AppleWebKit/605.1.15 (KHTML, like Gecko) Version/14.0 Mobile/15E148 Safari/604.1"
8.8.8.8 - - [21/May/2025:12:59:45 +0000] "PUT /index.html HTTP/1.1" 200 9019 "https://www.facebook.com" "Mozilla/5.0 (compatible; Googlebot/2.1; +http://www.google.com/bot.html)"
172.16.0.1 - - [21/May/2025:12:59:45 +0000] "PUT /api/v1/users HTTP/1.0" 403 4382 "https://www.facebook.com" "Mozilla/5.0 (Macintosh; Intel Mac OS X 10_15_7) AppleWebKit/605.1.15 (KHTML, like Gecko) Version/14.1.1 Safari/605.1.15"
192.168.1.3 - - [21/May/2025:12:59:45 +0000] "GET /services.html HTTP/1.1" 302 2969 "https://www.linkedin.com" "Mozilla/5.0 (iPhone; CPU iPhone OS 14_6 like Mac OS X) AppleWebKit/605.1.15 (KHTML, like Gecko) Version/14.0 Mobile/15E148 Safari/604.1"
8.8.8.8 - - [21/May/2025:12:59:46 +0000] "GET /contact.html HTTP/1.0" 304 9510 "-" "Mozilla/5.0 (Macintosh; Intel Mac OS X 10_15_7) AppleWebKit/605.1.15 (KHTML, like Gecko) Version/14.1.1 Safari/605.1.15"
8.8.8.8 - - [21/May/2025:12:59:46 +0000] "DELETE /api/v1/users HTTP/1.1" 403 3030 "https://www.bing.com" "Mozilla/5.0 (Windows NT 10.0; Win64; x64) AppleWebKit/537.36 (KHTML, like Gecko) Chrome/91.0.4472.124 Safari/537.36"
192.168.1.3 - - [21/May/2025:12:59:46 +0000] "PUT /api/v1/users HTTP/2.0" 200 3287 "https://www.bing.com" "Mozilla/5.0 (Macintosh; Intel Mac OS X 10_15_7) AppleWebKit/605.1.15 (KHTML, like Gecko) Version/14.1.1 Safari/605.1.15"
10.0.0.2 - - [21/May/2025:12:59:46 +0000] "GET /api/v1/products HTTP/1.0" 200 10069 "https://www.linkedin.com" "Mozilla/5.0 (Windows NT 10.0; Win64; x64) AppleWebKit/537.36 (KHTML, like Gecko) Chrome/91.0.4472.124 Safari/537.36"
172.16.0.1 - - [21/May/2025:12:59:46 +0000] "GET /api/v1/users HTTP/2.0" 500 2383 "https://www.google.com" "Mozilla/5.0 (Macintosh; Intel Mac OS X 10_15_7) AppleWebKit/605.1.15 (KHTML, like Gecko) Version/14.1.1 Safari/605.1.15"
10.0.0.2 - - [21/May/2025:12:59:48 +0000] "GET /api/v1/users HTTP/1.1" 401 4337 "https://www.google.com" "Mozilla/5.0 (Windows NT 10.0; Win64; x64) AppleWebKit/537.36 (KHTML, like Gecko) Chrome/91.0.4472.124 Safari/537.36"
192.168.1.1 - - [21/May/2025:12:59:48 +0000] "POST /api/v1/users HTTP/2.0" 302 4619 "-" "Mozilla/5.0 (Windows NT 10.0; Win64; x64) AppleWebKit/537.36 (KHTML, like Gecko) Chrome/91.0.4472.124 Safari/537.36"
8.8.4.4 - - [21/May/2025:12:59:48 +0000] "GET /images/logo.png HTTP/1.0" 301 8706 "https://www.bing.com" "Mozilla/5.0 (X11; Linux x86_64; rv:89.0) Gecko/20100101 Firefox/89.0"
192.168.1.4 - - [21/May/2025:12:59:51 +0000] "DELETE /products.html HTTP/1.0" 400 403 "https://www.twitter.com" "Mozilla/5.0 (iPhone; CPU iPhone OS 14_6 like Mac OS X) AppleWebKit/605.1.15 (KHTML, like Gecko) Version/14.0 Mobile/15E148 Safari/604.1"
172.16.0.1 - - [21/May/2025:12:59:51 +0000] "PUT /contact.html HTTP/1.0" 200 3276 "-" "Mozilla/5.0 (X11; Linux x86_64; rv:89.0) Gecko/20100101 Firefox/89.0"
10.0.0.2 - - [21/May/2025:12:59:51 +0000] "DELETE /about.html HTTP/2.0" 404 1353 "-" "Mozilla/5.0 (compatible; Googlebot/2.1; +http://www.google.com/bot.html)"
192.168.1.5 - - [21/May/2025:12:59:51 +0000] "GET /api/v1/products HTTP/1.1" 403 1690 "https://www.twitter.com" "Mozilla/5.0 (X11; Linux x86_64; rv:89.0) Gecko/20100101 Firefox/89.0"
172.16.0.1 - - [21/May/2025:12:59:51 +0000] "PUT /api/v1/products HTTP/2.0" 401 9137 "https://www.linkedin.com" "Mozilla/5.0 (X11; Linux x86_64; rv:89.0) Gecko/20100101 Firefox/89.0"
192.168.1.1 - - [21/May/2025:12:59:52 +0000] "POST /services.html HTTP/1.0" 200 4120 "https://www.facebook.com" "Mozilla/5.0 (Macintosh; Intel Mac OS X 10_15_7) AppleWebKit/605.1.15 (KHTML, like Gecko) Version/14.1.1 Safari/605.1.15"
192.168.1.5 - - [21/May/2025:12:59:54 +0000] "GET /css/main.css HTTP/1.0" 400 1330 "-" "Mozilla/5.0 (iPhone; CPU iPhone OS 14_6 like Mac OS X) AppleWebKit/605.1.15 (KHTML, like Gecko) Version/14.0 Mobile/15E148 Safari/604.1"
10.0.0.1 - - [21/May/2025:12:59:54 +0000] "GET /css/main.css HTTP/1.0" 403 1281 "-" "Mozilla/5.0 (iPhone; CPU iPhone OS 14_6 like Mac OS X) AppleWebKit/605.1.15 (KHTML, like Gecko) Version/14.0 Mobile/15E148 Safari/604.1"
172.16.0.1 - - [21/May/2025:12:59:57 +0000] "PUT /images/logo.png HTTP/2.0" 301 1575 "https://www.twitter.com" "Mozilla/5.0 (Macintosh; Intel Mac OS X 10_15_7) AppleWebKit/605.1.15 (KHTML, like Gecko) Version/14.1.1 Safari/605.1.15"
10.0.0.1 - - [21/May/2025:12:59:57 +0000] "DELETE /services.html HTTP/1.1" 500 1934 "https://www.linkedin.com" "Mozilla/5.0 (X11; Linux x86_64; rv:89.0) Gecko/20100101 Firefox/89.0"
10.0.0.2 - - [21/May/2025:12:59:57 +0000] "DELETE /index.html HTTP/2.0" 500 8574 "-" "Mozilla/5.0 (X11; Linux x86_64; rv:89.0) Gecko/20100101 Firefox/89.0"
192.168.1.2 - - [21/May/2025:12:59:57 +0000] "POST /css/main.css HTTP/1.1" 404 9219 "https://www.google.com" "Mozilla/5.0 (compatible; Googlebot/2.1; +http://www.google.com/bot.html)"
192.168.1.1 - - [21/May/2025:12:59:57 +0000] "PUT /images/logo.png HTTP/2.0" 200 3086 "https://www.twitter.com" "Mozilla/5.0 (iPhone; CPU iPhone OS 14_6 like Mac OS X) AppleWebKit/605.1.15 (KHTML, like Gecko) Version/14.0 Mobile/15E148 Safari/604.1"
192.168.1.4 - - [21/May/2025:12:59:59 +0000] "POST /products.html HTTP/1.0" 200 6031 "https://www.twitter.com" "Mozilla/5.0 (Windows NT 10.0; Win64; x64) AppleWebKit/537.36 (KHTML, like Gecko) Chrome/91.0.4472.124 Safari/537.36"
192.168.1.4 - - [21/May/2025:12:59:59 +0000] "POST /services.html HTTP/1.0" 200 6636 "-" "Mozilla/5.0 (Windows NT 10.0; Win64; x64) AppleWebKit/537.36 (KHTML, like Gecko) Chrome/91.0.4472.124 Safari/537.36"
192.168.1.3 - - [21/May/2025:12:59:59 +0000] "GET /services.html HTTP/2.0" 200 1061 "https://www.facebook.com" "Mozilla/5.0 (Macintosh; Intel Mac OS X 10_15_7) AppleWebKit/605.1.15 (KHTML, like Gecko) Version/14.1.1 Safari/605.1.15"
192.168.1.4 - - [21/May/2025:12:59:59 +0000] "GET /index.html HTTP/1.1" 401 7159 "https://www.twitter.com" "Mozilla/5.0 (compatible; Googlebot/2.1; +http://www.google.com/bot.html)"
8.8.4.4 - - [21/May/2025:12:59:59 +0000] "DELETE /about.html HTTP/1.1" 200 8267 "https://www.linkedin.com" "Mozilla/5.0 (iPhone; CPU iPhone OS 14_6 like Mac OS X) AppleWebKit/605.1.15 (KHTML, like Gecko) Version/14.0 Mobile/15E148 Safari/604.1"
192.168.1.3 - - [21/May/2025:13:00:00 +0000] "POST /js/app.js HTTP/1.1" 200 9217 "-" "Mozilla/5.0 (compatible; Googlebot/2.1; +http://www.google.com/bot.html)"
192.168.1.5 - - [21/May/2025:13:00:00 +0000] "PUT /api/v1/products HTTP/2.0" 200 818 "-" "Mozilla/5.0 (Windows NT 10.0; Win64; x64) AppleWebKit/537.36 (KHTML, like Gecko) Chrome/91.0.4472.124 Safari/537.36"
192.168.1.2 - - [21/May/2025:13:00:03 +0000] "PUT /about.html HTTP/1.0" 401 7999 "https://www.google.com" "Mozilla/5.0 (compatible; Googlebot/2.1; +http://www.google.com/bot.html)"
172.16.0.1 - - [21/May/2025:13:00:03 +0000] "DELETE /api/v1/users HTTP/1.0" 200 2208 "https://www.linkedin.com" "Mozilla/5.0 (iPhone; CPU iPhone OS 14_6 like Mac OS X) AppleWebKit/605.1.15 (KHTML, like Gecko) Version/14.0 Mobile/15E148 Safari/604.1"
192.168.1.1 - - [21/May/2025:13:00:03 +0000] "PUT /api/v1/users HTTP/1.1" 400 1278 "https://www.linkedin.com" "Mozilla/5.0 (Windows NT 10.0; Win64; x64) AppleWebKit/537.36 (KHTML, like Gecko) Chrome/91.0.4472.124 Safari/537.36"
192.168.1.5 - - [21/May/2025:13:00:03 +0000] "POST /api/v1/products HTTP/1.0" 302 9858 "https://www.twitter.com" "Mozilla/5.0 (iPhone; CPU iPhone OS 14_6 like Mac OS X) AppleWebKit/605.1.15 (KHTML, like Gecko) Version/14.0 Mobile/15E148 Safari/604.1"
192.168.1.3 - - [21/May/2025:13:00:06 +0000] "POST /products.html HTTP/1.1" 200 3552 "https://www.twitter.com" "Mozilla/5.0 (Windows NT 10.0; Win64; x64) AppleWebKit/537.36 (KHTML, like Gecko) Chrome/91.0.4472.124 Safari/537.36"
192.168.1.1 - - [21/May/2025:13:00:06 +0000] "POST /js/app.js HTTP/2.0" 400 265 "https://www.facebook.com" "Mozilla/5.0 (X11; Linux x86_64; rv:89.0) Gecko/20100101 Firefox/89.0"
192.168.1.5 - - [21/May/2025:13:00:06 +0000] "PUT /images/logo.png HTTP/2.0" 304 2794 "https://www.facebook.com" "Mozilla/5.0 (Macintosh; Intel Mac OS X 10_15_7) AppleWebKit/605.1.15 (KHTML, like Gecko) Version/14.1.1 Safari/605.1.15"
192.168.1.2 - - [21/May/2025:13:00:08 +0000] "POST /index.html HTTP/1.0" 200 8715 "https://www.bing.com" "Mozilla/5.0 (iPhone; CPU iPhone OS 14_6 like Mac OS X) AppleWebKit/605.1.15 (KHTML, like Gecko) Version/14.0 Mobile/15E148 Safari/604.1"
10.0.0.2 - - [21/May/2025:13:00:08 +0000] "DELETE /api/v1/users HTTP/1.1" 304 2700 "https://www.twitter.com" "Mozilla/5.0 (X11; Linux x86_64; rv:89.0) Gecko/20100101 Firefox/89.0"
172.16.0.1 - - [21/May/2025:13:00:08 +0000] "GET /products.html HTTP/1.0" 200 9839 "-" "Mozilla/5.0 (Macintosh; Intel Mac OS X 10_15_7) AppleWebKit/605.1.15 (KHTML, like Gecko) Version/14.1.1 Safari/605.1.15"
172.16.0.1 - - [21/May/2025:13:00:10 +0000] "GET /api/v1/users HTTP/2.0" 400 6481 "https://www.linkedin.com" "Mozilla/5.0 (Windows NT 10.0; Win64; x64) AppleWebKit/537.36 (KHTML, like Gecko) Chrome/91.0.4472.124 Safari/537.36"
192.168.1.1 - - [21/May/2025:13:00:10 +0000] "PUT /api/v1/users HTTP/1.0" 304 2097 "https://www.linkedin.com" "Mozilla/5.0 (Windows NT 10.0; Win64; x64) AppleWebKit/537.36 (KHTML, like Gecko) Chrome/91.0.4472.124 Safari/537.36"
8.8.4.4 - - [21/May/2025:13:00:12 +0000] "DELETE /about.html HTTP/1.1" 200 1292 "https://www.facebook.com" "Mozilla/5.0 (iPhone; CPU iPhone OS 14_6 like Mac OS X) AppleWebKit/605.1.15 (KHTML, like Gecko) Version/14.0 Mobile/15E148 Safari/604.1"
192.168.1.2 - - [21/May/2025:13:00:12 +0000] "PUT /about.html HTTP/2.0" 403 672 "https://www.facebook.com" "Mozilla/5.0 (Windows NT 10.0; Win64; x64) AppleWebKit/537.36 (KHTML, like Gecko) Chrome/91.0.4472.124 Safari/537.36"
8.8.8.8 - - [21/May/2025:13:00:12 +0000] "PUT /products.html HTTP/1.1" 401 3463 "https://www.twitter.com" "Mozilla/5.0 (compatible; Googlebot/2.1; +http://www.google.com/bot.html)"
172.16.0.1 - - [21/May/2025:13:00:12 +0000] "POST /api/v1/users HTTP/2.0" 200 2919 "https://www.twitter.com" "Mozilla/5.0 (Macintosh; Intel Mac OS X 10_15_7) AppleWebKit/605.1.15 (KHTML, like Gecko) Version/14.1.1 Safari/605.1.15"
10.0.0.1 - - [21/May/2025:13:00:12 +0000] "POST /images/logo.png HTTP/1.0" 301 6027 "https://www.linkedin.com" "Mozilla/5.0 (compatible; Googlebot/2.1; +http://www.google.com/bot.html)"
8.8.8.8 - - [21/May/2025:13:00:15 +0000] "GET /contact.html HTTP/1.1" 200 3252 "https://www.bing.com" "Mozilla/5.0 (compatible; Googlebot/2.1; +http://www.google.com/bot.html)"
8.8.4.4 - - [21/May/2025:13:00:15 +0000] "PUT /images/logo.png HTTP/2.0" 200 4866 "https://www.bing.com" "Mozilla/5.0 (Macintosh; Intel Mac OS X 10_15_7) AppleWebKit/605.1.15 (KHTML, like Gecko) Version/14.1.1 Safari/605.1.15"
8.8.4.4 - - [21/May/2025:13:00:15 +0000] "GET /contact.html HTTP/1.0" 200 8289 "https://www.linkedin.com" "Mozilla/5.0 (compatible; Googlebot/2.1; +http://www.google.com/bot.html)"
192.168.1.2 - - [21/May/2025:13:00:15 +0000] "GET /services.html HTTP/1.0" 301 1703 "https://www.facebook.com" "Mozilla/5.0 (compatible; Googlebot/2.1; +http://www.google.com/bot.html)"
8.8.4.4 - - [21/May/2025:13:00:16 +0000] "DELETE /contact.html HTTP/1.0" 200 1958 "https://www.google.com" "Mozilla/5.0 (Windows NT 10.0; Win64; x64) AppleWebKit/537.36 (KHTML, like Gecko) Chrome/91.0.4472.124 Safari/537.36"
8.8.8.8 - - [21/May/2025:13:00:16 +0000] "PUT /js/app.js HTTP/2.0" 200 8010 "https://www.twitter.com" "Mozilla/5.0 (X11; Linux x86_64; rv:89.0) Gecko/20100101 Firefox/89.0"
172.16.0.1 - - [21/May/2025:13:00:16 +0000] "DELETE /css/main.css HTTP/1.0" 200 8722 "https://www.facebook.com" "Mozilla/5.0 (X11; Linux x86_64; rv:89.0) Gecko/20100101 Firefox/89.0"
172.16.0.1 - - [21/May/2025:13:00:16 +0000] "DELETE /contact.html HTTP/1.0" 301 4213 "-" "Mozilla/5.0 (compatible; Googlebot/2.1; +http://www.google.com/bot.html)"
192.168.1.3 - - [21/May/2025:13:00:16 +0000] "POST /css/main.css HTTP/1.0" 301 588 "https://www.linkedin.com" "Mozilla/5.0 (Windows NT 10.0; Win64; x64) AppleWebKit/537.36 (KHTML, like Gecko) Chrome/91.0.4472.124 Safari/537.36"
192.168.1.1 - - [21/May/2025:13:00:19 +0000] "DELETE /images/logo.png HTTP/2.0" 200 4715 "https://www.linkedin.com" "Mozilla/5.0 (iPhone; CPU iPhone OS 14_6 like Mac OS X) AppleWebKit/605.1.15 (KHTML, like Gecko) Version/14.0 Mobile/15E148 Safari/604.1"
172.16.0.1 - - [21/May/2025:13:00:19 +0000] "DELETE /products.html HTTP/1.1" 200 6121 "https://www.twitter.com" "Mozilla/5.0 (X11; Linux x86_64; rv:89.0) Gecko/20100101 Firefox/89.0"
172.16.0.1 - - [21/May/2025:13:00:19 +0000] "GET /products.html HTTP/2.0" 500 2629 "https://www.facebook.com" "Mozilla/5.0 (compatible; Googlebot/2.1; +http://www.google.com/bot.html)"
192.168.1.5 - - [21/May/2025:13:00:19 +0000] "DELETE /css/main.css HTTP/1.1" 200 5303 "https://www.google.com" "Mozilla/5.0 (X11; Linux x86_64; rv:89.0) Gecko/20100101 Firefox/89.0"
8.8.8.8 - - [21/May/2025:13:00:20 +0000] "GET /css/main.css HTTP/1.1" 500 2746 "https://www.twitter.com" "Mozilla/5.0 (compatible; Googlebot/2.1; +http://www.google.com/bot.html)"
192.168.1.4 - - [21/May/2025:13:00:20 +0000] "POST /images/logo.png HTTP/2.0" 200 9268 "https://www.linkedin.com" "Mozilla/5.0 (Macintosh; Intel Mac OS X 10_15_7) AppleWebKit/605.1.15 (KHTML, like Gecko) Version/14.1.1 Safari/605.1.15"
8.8.8.8 - - [21/May/2025:13:00:20 +0000] "GET /contact.html HTTP/1.1" 403 2644 "https://www.google.com" "Mozilla/5.0 (X11; Linux x86_64; rv:89.0) Gecko/20100101 Firefox/89.0"
192.168.1.1 - - [21/May/2025:13:00:20 +0000] "POST /api/v1/users HTTP/2.0" 304 6239 "https://www.twitter.com" "Mozilla/5.0 (compatible; Googlebot/2.1; +http://www.google.com/bot.html)"
8.8.4.4 - - [21/May/2025:13:00:23 +0000] "GET /index.html HTTP/1.1" 200 7066 "-" "Mozilla/5.0 (Macintosh; Intel Mac OS X 10_15_7) AppleWebKit/605.1.15 (KHTML, like Gecko) Version/14.1.1 Safari/605.1.15"
192.168.1.4 - - [21/May/2025:13:00:23 +0000] "PUT /about.html HTTP/1.1" 200 5786 "https://www.twitter.com" "Mozilla/5.0 (iPhone; CPU iPhone OS 14_6 like Mac OS X) AppleWebKit/605.1.15 (KHTML, like Gecko) Version/14.0 Mobile/15E148 Safari/604.1"
192.168.1.2 - - [21/May/2025:13:00:23 +0000] "DELETE /about.html HTTP/1.1" 500 6417 "https://www.bing.com" "Mozilla/5.0 (Windows NT 10.0; Win64; x64) AppleWebKit/537.36 (KHTML, like Gecko) Chrome/91.0.4472.124 Safari/537.36"
192.168.1.3 - - [21/May/2025:13:00:24 +0000] "DELETE /css/main.css HTTP/1.1" 200 907 "https://www.linkedin.com" "Mozilla/5.0 (X11; Linux x86_64; rv:89.0) Gecko/20100101 Firefox/89.0"
192.168.1.2 - - [21/May/2025:13:00:24 +0000] "GET /images/logo.png HTTP/2.0" 200 8543 "-" "Mozilla/5.0 (X11; Linux x86_64; rv:89.0) Gecko/20100101 Firefox/89.0"
192.168.1.1 - - [21/May/2025:13:00:24 +0000] "PUT /products.html HTTP/2.0" 200 1123 "https://www.twitter.com" "Mozilla/5.0 (X11; Linux x86_64; rv:89.0) Gecko/20100101 Firefox/89.0"
192.168.1.5 - - [21/May/2025:13:00:24 +0000] "DELETE /contact.html HTTP/1.1" 500 7652 "-" "Mozilla/5.0 (compatible; Googlebot/2.1; +http://www.google.com/bot.html)"
192.168.1.1 - - [21/May/2025:13:00:26 +0000] "POST /contact.html HTTP/2.0" 200 7880 "https://www.twitter.com" "Mozilla/5.0 (iPhone; CPU iPhone OS 14_6 like Mac OS X) AppleWebKit/605.1.15 (KHTML, like Gecko) Version/14.0 Mobile/15E148 Safari/604.1"
192.168.1.4 - - [21/May/2025:13:00:26 +0000] "GET /css/main.css HTTP/1.0" 302 2800 "https://www.twitter.com" "Mozilla/5.0 (Windows NT 10.0; Win64; x64) AppleWebKit/537.36 (KHTML, like Gecko) Chrome/91.0.4472.124 Safari/537.36"
10.0.0.2 - - [21/May/2025:13:00:26 +0000] "DELETE /api/v1/users HTTP/1.0" 200 1737 "-" "Mozilla/5.0 (compatible; Googlebot/2.1; +http://www.google.com/bot.html)"
10.0.0.2 - - [21/May/2025:13:00:26 +0000] "DELETE /services.html HTTP/1.1" 200 6253 "-" "Mozilla/5.0 (compatible; Googlebot/2.1; +http://www.google.com/bot.html)"
192.168.1.2 - - [21/May/2025:13:00:27 +0000] "GET /api/v1/users HTTP/1.1" 200 4768 "https://www.twitter.com" "Mozilla/5.0 (X11; Linux x86_64; rv:89.0) Gecko/20100101 Firefox/89.0"
192.168.1.3 - - [21/May/2025:13:00:27 +0000] "DELETE /api/v1/products HTTP/1.0" 302 5744 "-" "Mozilla/5.0 (Macintosh; Intel Mac OS X 10_15_7) AppleWebKit/605.1.15 (KHTML, like Gecko) Version/14.1.1 Safari/605.1.15"
10.0.0.1 - - [21/May/2025:13:00:27 +0000] "GET /products.html HTTP/1.0" 200 8394 "-" "Mozilla/5.0 (Macintosh; Intel Mac OS X 10_15_7) AppleWebKit/605.1.15 (KHTML, like Gecko) Version/14.1.1 Safari/605.1.15"
